============================= test session starts =============================
platform win32 -- Python 3.11.9, pytest-9.0.2, pluggy-1.6.0
rootdir: C:\Users\karth\.gemini\antigravity\scratch\trading_microservices
plugins: anyio-4.12.1, asyncio-1.3.0
asyncio: mode=Mode.STRICT, debug=False, asyncio_default_fixture_loop_scope=None, asyncio_default_test_loop_scope=function
collected 5 items

tests\test_sensor_features.py .FF                                        [ 60%]
tests\test_hierarchical_router.py FF                                     [100%]

================================== FAILURES ===================================
______________________________ test_realized_vol ______________________________
tests\test_sensor_features.py:23: in test_realized_vol
    rv_high = sensor.calculate_rv(prices_high)
              ^^^^^^^^^^^^^^^^^^^
E   AttributeError: 'MarketSensor' object has no attribute 'calculate_rv'
____________________________ test_ofi_calculation _____________________________
tests\test_sensor_features.py:32: in test_ofi_calculation
    sensor = MarketSensor()
             ^^^^^^^^^^^^^^
daemons\market_sensor.py:17: in __init__
    self.pub = self.mq.create_publisher(Ports.MARKET_STATE)
               ^^^^^^^^^^^^^^^^^^^^^^^^^^^^^^^^^^^^^^^^^^^^
core\mq.py:18: in create_publisher
    socket.bind(f"tcp://{self.host}:{port}")
..\..\..\..\AppData\Local\Programs\Python\Python311\Lib\site-packages\zmq\sugar\socket.py:302: in bind
    super().bind(addr)
zmq\\backend\\cython\\socket.pyx:564: in zmq.backend.cython.socket.Socket.bind
    ???
zmq\\backend\\cython\\checkrc.pxd:28: in zmq.backend.cython.checkrc._check_rc
    ???
E   zmq.error.ZMQError: Address in use (addr='tcp://127.0.0.1:5558')
__________________________ test_kill_switch_override __________________________
tests\test_hierarchical_router.py:7: in test_kill_switch_override
    router = MetaRouter()
             ^^^^^^^^^^^^
daemons\meta_router.py:14: in __init__
    self.cmd_pub = self.mq.create_publisher(Ports.SYSTEM_CMD)
                   ^^^^^^^^^^^^^^^^^^^^^^^^^^^^^^^^^^^^^^^^^^
core\mq.py:18: in create_publisher
    socket.bind(f"tcp://{self.host}:{port}")
..\..\..\..\AppData\Local\Programs\Python\Python311\Lib\site-packages\zmq\sugar\socket.py:302: in bind
    super().bind(addr)
zmq\\backend\\cython\\socket.pyx:564: in zmq.backend.cython.socket.Socket.bind
    ???
zmq\\backend\\cython\\checkrc.pxd:28: in zmq.backend.cython.checkrc._check_rc
    ???
E   zmq.error.ZMQError: Address in use (addr='tcp://127.0.0.1:5559')
____________________________ test_regime_detection ____________________________
tests\test_hierarchical_router.py:20: in test_regime_detection
    router = MetaRouter()
             ^^^^^^^^^^^^
daemons\meta_router.py:14: in __init__
    self.cmd_pub = self.mq.create_publisher(Ports.SYSTEM_CMD)
                   ^^^^^^^^^^^^^^^^^^^^^^^^^^^^^^^^^^^^^^^^^^
core\mq.py:18: in create_publisher
    socket.bind(f"tcp://{self.host}:{port}")
..\..\..\..\AppData\Local\Programs\Python\Python311\Lib\site-packages\zmq\sugar\socket.py:302: in bind
    super().bind(addr)
zmq\\backend\\cython\\socket.pyx:564: in zmq.backend.cython.socket.Socket.bind
    ???
zmq\\backend\\cython\\checkrc.pxd:28: in zmq.backend.cython.checkrc._check_rc
    ???
E   zmq.error.ZMQError: Address in use (addr='tcp://127.0.0.1:5559')
=========================== short test summary info ===========================
FAILED tests/test_sensor_features.py::test_realized_vol - AttributeError: 'Ma...
FAILED tests/test_sensor_features.py::test_ofi_calculation - zmq.error.ZMQErr...
FAILED tests/test_hierarchical_router.py::test_kill_switch_override - zmq.err...
FAILED tests/test_hierarchical_router.py::test_regime_detection - zmq.error.Z...
========================= 4 failed, 1 passed in 1.00s =========================
